technology\tabula\writers\Writer.class
technology\tabula\Page$1.class
technology\tabula\CommandLineApp$OutputFormat.class
technology\tabula\extractors\ExtractionAlgorithm.class
technology\tabula\CommandLineApp$1.class
technology\tabula\json\TableSerializer.class
technology\tabula\Ruling$1SortObject.class
technology\tabula\writers\CSVWriter.class
technology\tabula\extractors\SpreadsheetExtractionAlgorithm$Direction.class
technology\tabula\RectangleSpatialIndex.class
technology\tabula\ProjectionProfile.class
technology\tabula\json\TextChunkSerializer.class
technology\tabula\TableWithRulingLines$1.class
technology\tabula\writers\JSONWriter$TableSerializerExclusionStrategy.class
technology\tabula\TextChunk.class
technology\tabula\Ruling$5.class
technology\tabula\CohenSutherlandClipping.class
technology\tabula\Utils.class
technology\tabula\DummyGraphics2D.class
technology\tabula\Ruling$4.class
technology\tabula\extractors\BasicExtractionAlgorithm.class
technology\tabula\QuickSort.class
technology\tabula\ObjectExtractor$PointComparator.class
technology\tabula\extractors\BasicExtractionAlgorithm$1.class
technology\tabula\PageIterator.class
technology\tabula\Cell.class
technology\tabula\Table.class
technology\tabula\Page$3.class
technology\tabula\Rectangle.class
technology\tabula\Ruling$1.class
technology\tabula\CommandLineApp$ExtractionMethod.class
technology\tabula\Line.class
technology\tabula\Utils$1.class
technology\tabula\extractors\SpreadsheetExtractionAlgorithm$2.class
technology\tabula\writers\JSONWriter.class
technology\tabula\CommandLineApp$DebugOutput.class
technology\tabula\Ruling$SOType.class
technology\tabula\Ruling$3.class
technology\tabula\writers\TSVWriter.class
technology\tabula\TextElement.class
technology\tabula\CommandLineApp.class
technology\tabula\RectangularTextContainer.class
technology\tabula\QuickSort$1.class
technology\tabula\HasText.class
technology\tabula\extractors\BasicExtractionAlgorithm$2.class
technology\tabula\Page$2.class
technology\tabula\Table$CellPosition.class
technology\tabula\ObjectExtractor.class
technology\tabula\Page.class
technology\tabula\debug\Debug.class
technology\tabula\Ruling$2.class
technology\tabula\extractors\SpreadsheetExtractionAlgorithm$1.class
technology\tabula\Page$4.class
technology\tabula\extractors\SpreadsheetExtractionAlgorithm$PolygonVertex.class
technology\tabula\TableWithRulingLines.class
technology\tabula\Table$CellContainer.class
technology\tabula\RectangleSpatialIndex$SaveToListProcedure.class
technology\tabula\Ruling.class
technology\tabula\extractors\SpreadsheetExtractionAlgorithm.class
technology\tabula\json\RulingSerializer.class
