D:\Downloads\tabula-java-master\tabula-java-master\src\main\java\technology\tabula\json\RulingSerializer.java
D:\Downloads\tabula-java-master\tabula-java-master\src\main\java\technology\tabula\DummyGraphics2D.java
D:\Downloads\tabula-java-master\tabula-java-master\src\main\java\technology\tabula\ProjectionProfile.java
D:\Downloads\tabula-java-master\tabula-java-master\src\main\java\technology\tabula\writers\Writer.java
D:\Downloads\tabula-java-master\tabula-java-master\src\main\java\technology\tabula\Line.java
D:\Downloads\tabula-java-master\tabula-java-master\src\main\java\technology\tabula\HasText.java
D:\Downloads\tabula-java-master\tabula-java-master\src\main\java\technology\tabula\QuickSort.java
D:\Downloads\tabula-java-master\tabula-java-master\src\main\java\technology\tabula\Table.java
D:\Downloads\tabula-java-master\tabula-java-master\src\main\java\technology\tabula\ObjectExtractor.java
D:\Downloads\tabula-java-master\tabula-java-master\src\main\java\technology\tabula\RectangularTextContainer.java
D:\Downloads\tabula-java-master\tabula-java-master\src\main\java\technology\tabula\json\TableSerializer.java
D:\Downloads\tabula-java-master\tabula-java-master\src\main\java\technology\tabula\Rectangle.java
D:\Downloads\tabula-java-master\tabula-java-master\src\main\java\technology\tabula\CohenSutherlandClipping.java
D:\Downloads\tabula-java-master\tabula-java-master\src\main\java\technology\tabula\Ruling.java
D:\Downloads\tabula-java-master\tabula-java-master\src\main\java\technology\tabula\extractors\ExtractionAlgorithm.java
D:\Downloads\tabula-java-master\tabula-java-master\src\main\java\technology\tabula\extractors\SpreadsheetExtractionAlgorithm.java
D:\Downloads\tabula-java-master\tabula-java-master\src\main\java\technology\tabula\Utils.java
D:\Downloads\tabula-java-master\tabula-java-master\src\main\java\technology\tabula\writers\JSONWriter.java
D:\Downloads\tabula-java-master\tabula-java-master\src\main\java\technology\tabula\extractors\BasicExtractionAlgorithm.java
D:\Downloads\tabula-java-master\tabula-java-master\src\main\java\technology\tabula\TextChunk.java
D:\Downloads\tabula-java-master\tabula-java-master\src\main\java\technology\tabula\CommandLineApp.java
D:\Downloads\tabula-java-master\tabula-java-master\src\main\java\technology\tabula\writers\TSVWriter.java
D:\Downloads\tabula-java-master\tabula-java-master\src\main\java\technology\tabula\writers\CSVWriter.java
D:\Downloads\tabula-java-master\tabula-java-master\src\main\java\technology\tabula\PageIterator.java
D:\Downloads\tabula-java-master\tabula-java-master\src\main\java\technology\tabula\json\TextChunkSerializer.java
D:\Downloads\tabula-java-master\tabula-java-master\src\main\java\technology\tabula\TableWithRulingLines.java
D:\Downloads\tabula-java-master\tabula-java-master\src\main\java\technology\tabula\Page.java
D:\Downloads\tabula-java-master\tabula-java-master\src\main\java\technology\tabula\Cell.java
D:\Downloads\tabula-java-master\tabula-java-master\src\main\java\technology\tabula\RectangleSpatialIndex.java
D:\Downloads\tabula-java-master\tabula-java-master\src\main\java\technology\tabula\debug\Debug.java
D:\Downloads\tabula-java-master\tabula-java-master\src\main\java\technology\tabula\TextElement.java
